#
# There is insufficient memory for the Java Runtime Environment to continue.
# Native memory allocation (malloc) failed to allocate 1048576 bytes for AllocateHeap
# Possible reasons:
#   The system is out of physical RAM or swap space
#   The process is running with CompressedOops enabled, and the Java Heap may be blocking the growth of the native heap
# Possible solutions:
#   Reduce memory load on the system
#   Increase physical memory or swap space
#   Check if swap backing store is full
#   Decrease Java heap size (-Xmx/-Xms)
#   Decrease number of Java threads
#   Decrease Java thread stack sizes (-Xss)
#   Set larger code cache with -XX:ReservedCodeCacheSize=
#   JVM is running with Zero Based Compressed Oops mode in which the Java heap is
#     placed in the first 32GB address space. The Java Heap base address is the
#     maximum limit for the native heap growth. Please use -XX:HeapBaseMinAddress
#     to set the Java Heap base and to place the Java Heap above 32GB virtual address.
# This output file may be truncated or incomplete.
#
#  Out of Memory Error (allocation.cpp:44), pid=32480, tid=29388
#
# JRE version: Java(TM) SE Runtime Environment (17.0.12+8) (build 17.0.12+8-LTS-286)
# Java VM: Java HotSpot(TM) 64-Bit Server VM (17.0.12+8-LTS-286, mixed mode, sharing, tiered, compressed oops, compressed class ptrs, g1 gc, windows-amd64)
# No core dump will be written. Minidumps are not enabled by default on client versions of Windows
#

---------------  S U M M A R Y ------------

Command Line: -javaagent:C:\Program Files\JetBrains\IntelliJ IDEA Community Edition 2025.2.5\lib\idea_rt.jar=51190 -Dfile.encoding=UTF-8 com.fanzzi.backend.BackendApplication

Host: 11th Gen Intel(R) Core(TM) i5-11400H @ 2.70GHz, 12 cores, 15G,  Windows 11 , 64 bit Build 26100 (10.0.26100.7623)
Time: Fri Jan 30 19:07:20 2026 India Standard Time elapsed time: 5648.550310 seconds (0d 1h 34m 8s)

---------------  T H R E A D  ---------------

Current thread (0x000001e2ab068230):  VMThread "VM Thread" [stack: 0x000000011cb00000,0x000000011cc00000] [id=29388]

Stack: [0x000000011cb00000,0x000000011cc00000]
Native frames: (J=compiled Java code, j=interpreted, Vv=VM code, C=native code)
V  [jvm.dll+0x67a04a]
V  [jvm.dll+0x7da4ed]
V  [jvm.dll+0x7dbe33]
V  [jvm.dll+0x7dc4a3]
V  [jvm.dll+0x24508f]
V  [jvm.dll+0xa5e2b]
V  [jvm.dll+0x2f31c3]
V  [jvm.dll+0x2ef140]
V  [jvm.dll+0x2d78d7]
V  [jvm.dll+0x31a6f7]
V  [jvm.dll+0x7e0d9b]
V  [jvm.dll+0x7e1ad4]
V  [jvm.dll+0x7e1fed]
V  [jvm.dll+0x7e23c4]
V  [jvm.dll+0x7e2490]
V  [jvm.dll+0x78abea]
V  [jvm.dll+0x678f35]
C  [ucrtbase.dll+0x37b0]
C  [KERNEL32.DLL+0x2e8d7]
C  [ntdll.dll+0x8c53c]

VM_Operation (0x000000011c2fed60): G1CollectFull, mode: safepoint, requested by thread 0x000001e2f1b99890


---------------  P R O C E S S  ---------------

Threads class SMR info:
_java_thread_list=0x000001e2f35edc70, length=18, elements={
0x000001e2ab071900, 0x000001e2ab0770e0, 0x000001e2ab08a180, 0x000001e2ab08db60,
0x000001e2ab08e520, 0x000001e2ab08fef0, 0x000001e2ab09d8c0, 0x000001e2ab0a1870,
0x000001e2ab0a6280, 0x000001e2ab16b680, 0x000001e2abacd2d0, 0x000001e2abacd7b0,
0x000001e2f1b99da0, 0x000001e2f1b99380, 0x000001e2f4c165d0, 0x000001e2f111f940,
0x000001e2f1b99890, 0x000001e2f1125e80
}

Java Threads: ( => current thread )
  0x000001e2ab071900 JavaThread "Reference Handler" daemon [_thread_blocked, id=36680, stack(0x000000011cc00000,0x000000011cd00000)]
  0x000001e2ab0770e0 JavaThread "Finalizer" daemon [_thread_blocked, id=34700, stack(0x000000011cd00000,0x000000011ce00000)]
  0x000001e2ab08a180 JavaThread "Signal Dispatcher" daemon [_thread_blocked, id=26168, stack(0x000000011ce00000,0x000000011cf00000)]
  0x000001e2ab08db60 JavaThread "Attach Listener" daemon [_thread_blocked, id=25680, stack(0x000000011cf00000,0x000000011d000000)]
  0x000001e2ab08e520 JavaThread "Service Thread" daemon [_thread_blocked, id=35756, stack(0x000000011d000000,0x000000011d100000)]
  0x000001e2ab08fef0 JavaThread "Monitor Deflation Thread" daemon [_thread_blocked, id=2864, stack(0x000000011d100000,0x000000011d200000)]
  0x000001e2ab09d8c0 JavaThread "C2 CompilerThread0" daemon [_thread_blocked, id=22252, stack(0x000000011d200000,0x000000011d300000)]
  0x000001e2ab0a1870 JavaThread "C1 CompilerThread0" daemon [_thread_blocked, id=38356, stack(0x000000011d300000,0x000000011d400000)]
  0x000001e2ab0a6280 JavaThread "Sweeper thread" daemon [_thread_blocked, id=34544, stack(0x000000011d400000,0x000000011d500000)]
  0x000001e2ab16b680 JavaThread "Common-Cleaner" daemon [_thread_blocked, id=35368, stack(0x000000011d500000,0x000000011d600000)]
  0x000001e2abacd2d0 JavaThread "Monitor Ctrl-Break" daemon [_thread_in_native, id=25460, stack(0x000000011d700000,0x000000011d800000)]
  0x000001e2abacd7b0 JavaThread "Notification Thread" daemon [_thread_blocked, id=34944, stack(0x000000011d800000,0x000000011d900000)]
  0x000001e2f1b99da0 JavaThread "Thread-4" daemon [_thread_in_native, id=37852, stack(0x000000011e300000,0x000000011e400000)]
  0x000001e2f1b99380 JavaThread "BufferPoolPruner-1-thread-1" daemon [_thread_blocked, id=34360, stack(0x000000011e400000,0x000000011e500000)]
  0x000001e2f4c165d0 JavaThread "Live Reload Server" daemon [_thread_in_native, id=29324, stack(0x000000011f900000,0x000000011fa00000)]
  0x000001e2f111f940 JavaThread "DestroyJavaVM" [_thread_blocked, id=7000, stack(0x000000011c500000,0x000000011c600000)]
  0x000001e2f1b99890 JavaThread "Thread-44" [_thread_blocked, id=28636, stack(0x000000011c200000,0x000000011c300000)]
  0x000001e2f1125e80 JavaThread "globalEventExecutor-2-21" [_thread_blocked, id=32556, stack(0x0000000120000000,0x0000000120100000)]

Other Threads:
=>0x000001e2ab068230 VMThread "VM Thread" [stack: 0x000000011cb00000,0x000000011cc00000] [id=29388]
  0x000001e2ab6be150 WatcherThread [stack: 0x000000011d900000,0x000000011da00000] [id=18920]
  0x000001e28813b5f0 GCTaskThread "GC Thread#0" [stack: 0x000000011c600000,0x000000011c700000] [id=29348]
  0x000001e2f12a7040 GCTaskThread "GC Thread#1" [stack: 0x000000011db00000,0x000000011dc00000] [id=29780]
  0x000001e2f1507ba0 GCTaskThread "GC Thread#2" [stack: 0x000000011dc00000,0x000000011dd00000] [id=36996]
  0x000001e2f1507e60 GCTaskThread "GC Thread#3" [stack: 0x000000011dd00000,0x000000011de00000] [id=3088]
  0x000001e2f1508120 GCTaskThread "GC Thread#4" [stack: 0x000000011de00000,0x000000011df00000] [id=30336]
  0x000001e2abcf79c0 GCTaskThread "GC Thread#5" [stack: 0x000000011df00000,0x000000011e000000] [id=33632]
  0x000001e2f1a81860 GCTaskThread "GC Thread#6" [stack: 0x000000011e200000,0x000000011e300000] [id=36400]
  0x000001e2f2a529c0 GCTaskThread "GC Thread#7" [stack: 0x000000011e500000,0x000000011e600000] [id=436]
  0x000001e2f38d6e80 GCTaskThread "GC Thread#8" [stack: 0x000000011e600000,0x000000011e700000] [id=35984]
  0x000001e2f1cd4b80 GCTaskThread "GC Thread#9" [stack: 0x000000011e700000,0x000000011e800000] [id=1480]
  0x000001e28814c0f0 ConcurrentGCThread "G1 Main Marker" [stack: 0x000000011c700000,0x000000011c800000] [id=37576]
  0x000001e28814f530 ConcurrentGCThread "G1 Conc#0" [stack: 0x000000011c800000,0x000000011c900000] [id=32372]
  0x000001e2f37049a0 ConcurrentGCThread "G1 Conc#1" [stack: 0x000000011e800000,0x000000011e900000] [id=19652]
  0x000001e2f3704c60 ConcurrentGCThread "G1 Conc#2" [stack: 0x000000011e900000,0x000000011ea00000] [id=16352]
  0x000001e2aadfaee0 ConcurrentGCThread "G1 Refine#0" [stack: 0x000000011c900000,0x000000011ca00000] [id=30692]
  0x000001e2aadfb7b0 ConcurrentGCThread "G1 Service" [stack: 0x000000011ca00000,0x000000011cb00000] [id=33996]

Threads with active compile tasks:
C1 CompilerThread0  5648587 14301  s!   3       org.apache.catalina.util.LifecycleBase::destroy (274 bytes)

VM state: at safepoint (normal execution)

VM Mutex/Monitor currently owned by a thread:  ([mutex/lock_event])
[0x000001e2880cb2f0] Threads_lock - owner thread: 0x000001e2ab068230
[0x000001e2880c9f40] Heap_lock - owner thread: 0x000001e2f1b99890

Heap address: 0x0000000705a00000, size: 4006 MB, Compressed Oops mode: Zero based, Oop shift amount: 3

CDS archive(s) mapped at: [0x000001e2ac000000-0x000001e2acbd0000-0x000001e2acbd0000), size 12386304, SharedBaseAddress: 0x000001e2ac000000, ArchiveRelocationMode: 1.
Compressed class space mapped at: 0x000001e2ad000000-0x000001e2ed000000, reserved size: 1073741824
Narrow klass base: 0x000001e2ac000000, Narrow klass shift: 0, Narrow klass range: 0x100000000

GC Precious Log:
 CPUs: 12 total, 12 available
 Memory: 16021M
 Large Page Support: Disabled
 NUMA Support: Disabled
 Compressed Oops: Enabled (Zero based)
 Heap Region Size: 2M
 Heap Min Capacity: 8M
 Heap Initial Capacity: 252M
 Heap Max Capacity: 4006M
 Pre-touch: Disabled
 Parallel Workers: 10
 Concurrent Workers: 3
 Concurrent Refinement Workers: 10
 Periodic GC: Disabled

Heap:
 garbage-first heap   total 143360K, used 46408K [0x0000000705a00000, 0x0000000800000000)
  region size 2048K, 4 young (8192K), 2 survivors (4096K)
 Metaspace       used 88434K, committed 89152K, reserved 1179648K
  class space    used 11153K, committed 11520K, reserved 1048576K

Heap Regions: E=young(eden), S=young(survivor), O=old, HS=humongous(starts), HC=humongous(continues), CS=collection set, F=free, OA=open archive, CA=closed archive, TAMS=top-at-mark-start (previous, next)
|   0|0x0000000705a00000, 0x0000000705c00000, 0x0000000705c00000|100%| O|  |TAMS 0x0000000705c00000, 0x0000000705c00000| Untracked 
|   1|0x0000000705c00000, 0x0000000705e00000, 0x0000000705e00000|100%| O|  |TAMS 0x0000000705e00000, 0x0000000705e00000| Untracked 
|   2|0x0000000705e00000, 0x0000000705ffffe8, 0x0000000706000000| 99%| O|  |TAMS 0x0000000705ffffe8, 0x0000000705ffffe8| Untracked 
|   3|0x0000000706000000, 0x0000000706200000, 0x0000000706200000|100%| O|  |TAMS 0x0000000706200000, 0x0000000706200000| Untracked 
|   4|0x0000000706200000, 0x0000000706400000, 0x0000000706400000|100%| O|  |TAMS 0x0000000706400000, 0x0000000706400000| Untracked 
|   5|0x0000000706400000, 0x00000007065fee00, 0x0000000706600000| 99%| O|  |TAMS 0x00000007065fee00, 0x00000007065fee00| Untracked 
|   6|0x0000000706600000, 0x00000007067fffe0, 0x0000000706800000| 99%| O|  |TAMS 0x00000007067fffe0, 0x00000007067fffe0| Untracked 
|   7|0x0000000706800000, 0x00000007069fffd0, 0x0000000706a00000| 99%| O|  |TAMS 0x00000007069fffd0, 0x00000007069fffd0| Untracked 
|   8|0x0000000706a00000, 0x0000000706bfffe0, 0x0000000706c00000| 99%| O|  |TAMS 0x0000000706bfffe0, 0x0000000706bfffe0| Untracked 
|   9|0x0000000706c00000, 0x0000000706dfffe0, 0x0000000706e00000| 99%| O|  |TAMS 0x0000000706dfffe0, 0x0000000706dfffe0| Untracked 
|  10|0x0000000706e00000, 0x0000000706fff8d0, 0x0000000707000000| 99%| O|  |TAMS 0x0000000706fff8d0, 0x0000000706fff8d0| Untracked 
|  11|0x0000000707000000, 0x00000007071ffff8, 0x0000000707200000| 99%| O|  |TAMS 0x00000007071ffff8, 0x00000007071ffff8| Untracked 
|  12|0x0000000707200000, 0x00000007073fffb8, 0x0000000707400000| 99%| O|  |TAMS 0x00000007073fffb8, 0x00000007073fffb8| Untracked 
|  13|0x0000000707400000, 0x00000007075ffff8, 0x0000000707600000| 99%| O|  |TAMS 0x00000007075ffff8, 0x00000007075ffff8| Untracked 
|  14|0x0000000707600000, 0x00000007077c2b90, 0x0000000707800000| 88%| O|  |TAMS 0x00000007077c2b90, 0x00000007077c2b90| Untracked 
|  15|0x0000000707800000, 0x00000007079fffd0, 0x0000000707a00000| 99%| O|  |TAMS 0x00000007079fffd0, 0x00000007079fffd0| Untracked 
|  16|0x0000000707a00000, 0x0000000707bfffe0, 0x0000000707c00000| 99%| O|  |TAMS 0x0000000707bfffe0, 0x0000000707bfffe0| Untracked 
|  17|0x0000000707c00000, 0x0000000707d55f30, 0x0000000707e00000| 66%| O|  |TAMS 0x0000000707d55f30, 0x0000000707d55f30| Untracked 
|  18|0x0000000707e00000, 0x0000000707fd6b58, 0x0000000708000000| 91%| O|  |TAMS 0x0000000707fd6b58, 0x0000000707fd6b58| Untracked 
|  19|0x0000000708000000, 0x0000000708200000, 0x0000000708200000|100%| O|  |TAMS 0x0000000708000000, 0x0000000708000000| Untracked 
|  20|0x0000000708200000, 0x0000000708275920, 0x0000000708400000| 22%| O|  |TAMS 0x0000000708275920, 0x0000000708275920| Untracked 
|  21|0x0000000708400000, 0x000000070857d600, 0x0000000708600000| 74%| O|  |TAMS 0x0000000708400000, 0x0000000708400000| Untracked 
|  22|0x0000000708600000, 0x0000000708600000, 0x0000000708800000|  0%| F|  |TAMS 0x0000000708600000, 0x0000000708600000| Untracked 
|  23|0x0000000708800000, 0x00000007088356d8, 0x0000000708a00000| 10%| O|  |TAMS 0x00000007088356d8, 0x00000007088356d8| Untracked 
|  24|0x0000000708a00000, 0x0000000708a00000, 0x0000000708c00000|  0%| F|  |TAMS 0x0000000708a00000, 0x0000000708a00000| Untracked 
|  25|0x0000000708c00000, 0x0000000708c00000, 0x0000000708e00000|  0%| F|  |TAMS 0x0000000708c00000, 0x0000000708c00000| Untracked 
|  26|0x0000000708e00000, 0x0000000708e00000, 0x0000000709000000|  0%| F|  |TAMS 0x0000000708e00000, 0x0000000708e00000| Untracked 
|  27|0x0000000709000000, 0x0000000709000000, 0x0000000709200000|  0%| F|  |TAMS 0x0000000709000000, 0x0000000709000000| Untracked 
|  28|0x0000000709200000, 0x0000000709200000, 0x0000000709400000|  0%| F|  |TAMS 0x0000000709200000, 0x0000000709200000| Untracked 
|  29|0x0000000709400000, 0x0000000709400000, 0x0000000709600000|  0%| F|  |TAMS 0x0000000709400000, 0x0000000709400000| Untracked 
|  30|0x0000000709600000, 0x0000000709600000, 0x0000000709800000|  0%| F|  |TAMS 0x0000000709600000, 0x0000000709600000| Untracked 
|  31|0x0000000709800000, 0x0000000709800000, 0x0000000709a00000|  0%| F|  |TAMS 0x0000000709800000, 0x0000000709800000| Untracked 
|  32|0x0000000709a00000, 0x0000000709a3c210, 0x0000000709c00000| 11%| S|CS|TAMS 0x0000000709a00000, 0x0000000709a00000| Complete 
|  33|0x0000000709c00000, 0x0000000709c00000, 0x0000000709e00000|  0%| F|  |TAMS 0x0000000709c00000, 0x0000000709c00000| Untracked 
|  34|0x0000000709e00000, 0x0000000709e00000, 0x000000070a000000|  0%| F|  |TAMS 0x0000000709e00000, 0x0000000709e00000| Untracked 
|  35|0x000000070a000000, 0x000000070a000000, 0x000000070a200000|  0%| F|  |TAMS 0x000000070a000000, 0x000000070a000000| Untracked 
|  36|0x000000070a200000, 0x000000070a400000, 0x000000070a400000|100%| S|CS|TAMS 0x000000070a200000, 0x000000070a200000| Complete 
|  37|0x000000070a400000, 0x000000070a400000, 0x000000070a600000|  0%| F|  |TAMS 0x000000070a400000, 0x000000070a400000| Untracked 
|  38|0x000000070a600000, 0x000000070a600000, 0x000000070a800000|  0%| F|  |TAMS 0x000000070a600000, 0x000000070a600000| Untracked 
|  39|0x000000070a800000, 0x000000070a800000, 0x000000070aa00000|  0%| F|  |TAMS 0x000000070a800000, 0x000000070a800000| Untracked 
|  40|0x000000070aa00000, 0x000000070aa00000, 0x000000070ac00000|  0%| F|  |TAMS 0x000000070aa00000, 0x000000070aa00000| Untracked 
|  41|0x000000070ac00000, 0x000000070ac00000, 0x000000070ae00000|  0%| F|  |TAMS 0x000000070ac00000, 0x000000070ac00000| Untracked 
|  42|0x000000070ae00000, 0x000000070ae00000, 0x000000070b000000|  0%| F|  |TAMS 0x000000070ae00000, 0x000000070ae00000| Untracked 
|  43|0x000000070b000000, 0x000000070b000000, 0x000000070b200000|  0%| F|  |TAMS 0x000000070b000000, 0x000000070b000000| Untracked 
|  44|0x000000070b200000, 0x000000070b200000, 0x000000070b400000|  0%| F|  |TAMS 0x000000070b200000, 0x000000070b200000| Untracked 
|  45|0x000000070b400000, 0x000000070b400000, 0x000000070b600000|  0%| F|  |TAMS 0x000000070b400000, 0x000000070b400000| Untracked 
|  46|0x000000070b600000, 0x000000070b600000, 0x000000070b800000|  0%| F|  |TAMS 0x000000070b600000, 0x000000070b600000| Untracked 
|  47|0x000000070b800000, 0x000000070b800000, 0x000000070ba00000|  0%| F|  |TAMS 0x000000070b800000, 0x000000070b800000| Untracked 
|  48|0x000000070ba00000, 0x000000070ba00000, 0x000000070bc00000|  0%| F|  |TAMS 0x000000070ba00000, 0x000000070ba00000| Untracked 
|  49|0x000000070bc00000, 0x000000070bc00000, 0x000000070be00000|  0%| F|  |TAMS 0x000000070bc00000, 0x000000070bc00000| Untracked 
|  50|0x000000070be00000, 0x000000070be00000, 0x000000070c000000|  0%| F|  |TAMS 0x000000070be00000, 0x000000070be00000| Untracked 
|  51|0x000000070c000000, 0x000000070c000000, 0x000000070c200000|  0%| F|  |TAMS 0x000000070c000000, 0x000000070c000000| Untracked 
|  52|0x000000070c200000, 0x000000070c200000, 0x000000070c400000|  0%| F|  |TAMS 0x000000070c200000, 0x000000070c200000| Untracked 
|  53|0x000000070c400000, 0x000000070c400000, 0x000000070c600000|  0%| F|  |TAMS 0x000000070c400000, 0x000000070c400000| Untracked 
|  54|0x000000070c600000, 0x000000070c600000, 0x000000070c800000|  0%| F|  |TAMS 0x000000070c600000, 0x000000070c600000| Untracked 
|  55|0x000000070c800000, 0x000000070c800000, 0x000000070ca00000|  0%| F|  |TAMS 0x000000070c800000, 0x000000070c800000| Untracked 
|  56|0x000000070ca00000, 0x000000070ca00000, 0x000000070cc00000|  0%| F|  |TAMS 0x000000070ca00000, 0x000000070ca00000| Untracked 
|  57|0x000000070cc00000, 0x000000070cc00000, 0x000000070ce00000|  0%| F|  |TAMS 0x000000070cc00000, 0x000000070cc00000| Untracked 
|  58|0x000000070ce00000, 0x000000070ce00000, 0x000000070d000000|  0%| F|  |TAMS 0x000000070ce00000, 0x000000070ce00000| Untracked 
|  59|0x000000070d000000, 0x000000070d000000, 0x000000070d200000|  0%| F|  |TAMS 0x000000070d000000, 0x000000070d000000| Untracked 
|  60|0x000000070d200000, 0x000000070d200000, 0x000000070d400000|  0%| F|  |TAMS 0x000000070d200000, 0x000000070d200000| Untracked 
|  61|0x000000070d400000, 0x000000070d400000, 0x000000070d600000|  0%| F|  |TAMS 0x000000070d400000, 0x000000070d400000| Untracked 
|  62|0x000000070d600000, 0x000000070d600000, 0x000000070d800000|  0%| F|  |TAMS 0x000000070d600000, 0x000000070d600000| Untracked 
|  63|0x000000070d800000, 0x000000070d800000, 0x000000070da00000|  0%| F|  |TAMS 0x000000070d800000, 0x000000070d800000| Untracked 
|  64|0x000000070da00000, 0x000000070da00000, 0x000000070dc00000|  0%| F|  |TAMS 0x000000070da00000, 0x000000070da00000| Untracked 
|  65|0x000000070dc00000, 0x000000070dc00000, 0x000000070de00000|  0%| F|  |TAMS 0x000000070dc00000, 0x000000070dc00000| Untracked 
|  66|0x000000070de00000, 0x000000070de00000, 0x000000070e000000|  0%| F|  |TAMS 0x000000070de00000, 0x000000070de00000| Untracked 
|  67|0x000000070e000000, 0x000000070e000000, 0x000000070e200000|  0%| F|  |TAMS 0x000000070e000000, 0x000000070e000000| Untracked 
|  68|0x000000070e200000, 0x000000070e22a738, 0x000000070e400000|  8%| E|  |TAMS 0x000000070e200000, 0x000000070e200000| Complete 
|  69|0x000000070e400000, 0x000000070e600000, 0x000000070e600000|100%| E|CS|TAMS 0x000000070e400000, 0x000000070e400000| Complete 

Card table byte_map: [0x000001e29f6b0000,0x000001e29fe90000] _byte_map_base: 0x000001e29be83000

Marking Bits (Prev, Next): (CMBitMap*) 0x000001e28813bc50, (CMBitMap*) 0x000001e28813bc10
 Prev Bits: [0x000001e2a4510000, 0x000001e2a83a8000)
 Next Bits: [0x000001e2a0670000, 0x000001e2a4508000)

Polling page: 0x000001e285f90000

Metaspace:

Usage:
  Non-class:     75.47 MB used.
      Class:     10.89 MB used.
       Both:     86.36 MB used.

Virtual space:
  Non-class space:      128.00 MB reserved,      75.81 MB ( 59%) committed,  2 nodes.
      Class space:        1.00 GB reserved,      11.25 MB (  1%) committed,  1 nodes.
             Both:        1.12 GB reserved,      87.06 MB (  8%) committed. 

Chunk freelists:
   Non-Class:  3.28 MB
       Class:  4.61 MB
        Both:  7.88 MB

MaxMetaspaceSize: unlimited
CompressedClassSpaceSize: 1.00 GB
Initial GC threshold: 21.00 MB
Current GC threshold: 144.62 MB
CDS: on
MetaspaceReclaimPolicy: balanced
 - commit_granule_bytes: 65536.
 - commit_granule_words: 8192.
 - virtual_space_node_default_size: 8388608.
 - enlarge_chunks_in_place: 1.
 - new_chunks_are_fully_committed: 0.
 - uncommit_free_chunks: 1.
 - use_allocation_guard: 0.
 - handle_deallocations: 1.


Internal statistics:

num_allocs_failed_limit: 9.
num_arena_births: 1144.
num_arena_deaths: 314.
num_vsnodes_births: 3.
num_vsnodes_deaths: 0.
num_space_committed: 1393.
num_space_uncommitted: 0.
num_chunks_returned_to_freelist: 366.
num_chunks_taken_from_freelist: 4692.
num_chunk_merges: 114.
num_chunk_splits: 3057.
num_chunks_enlarged: 2243.
num_inconsistent_stats: 0.

CodeHeap 'non-profiled nmethods': size=120000Kb used=11000Kb max_used=11000Kb free=108999Kb
 bounds [0x000001e297440000, 0x000001e297f00000, 0x000001e29e970000]
CodeHeap 'profiled nmethods': size=120000Kb used=21045Kb max_used=22897Kb free=98954Kb
 bounds [0x000001e28f970000, 0x000001e290fe0000, 0x000001e296ea0000]
CodeHeap 'non-nmethods': size=5760Kb used=1376Kb max_used=1477Kb free=4383Kb
 bounds [0x000001e296ea0000, 0x000001e297110000, 0x000001e297440000]
 total_blobs=11736 nmethods=11037 adapters=610
 compilation: enabled
              stopped_count=0, restarted_count=0
 full_count=0

Compilation events (20 events):
Event: 5648.390 Thread 0x000001e2ab09d8c0 14296       4       java.util.concurrent.ThreadPoolExecutor::workerCountOf (5 bytes)
Event: 5648.390 Thread 0x000001e2ab0a1870 nmethod 14287 0x000001e297efcb90 code [0x000001e297efcd20, 0x000001e297efcdd8]
Event: 5648.390 Thread 0x000001e2ab0a1870 14293       1       io.netty.util.concurrent.MultithreadEventExecutorGroup::access$000 (5 bytes)
Event: 5648.390 Thread 0x000001e2ab09d8c0 nmethod 14296 0x000001e297efce90 code [0x000001e297efd000, 0x000001e297efd058]
Event: 5648.391 Thread 0x000001e2ab0a1870 nmethod 14293 0x000001e297efd190 code [0x000001e297efd320, 0x000001e297efd3d8]
Event: 5648.391 Thread 0x000001e2ab0a1870 14294       1       io.netty.util.concurrent.MultithreadEventExecutorGroup::access$100 (5 bytes)
Event: 5648.392 Thread 0x000001e2ab0a1870 nmethod 14294 0x000001e297efd490 code [0x000001e297efd620, 0x000001e297efd6d8]
Event: 5648.392 Thread 0x000001e2ab0a1870 14295       1       io.netty.util.concurrent.SingleThreadEventExecutor::access$700 (5 bytes)
Event: 5648.392 Thread 0x000001e2ab0a1870 nmethod 14295 0x000001e297efd790 code [0x000001e297efd920, 0x000001e297efd9d8]
Event: 5648.392 Thread 0x000001e2ab0a1870 14292       1       io.netty.util.concurrent.SingleThreadEventExecutor::access$800 (5 bytes)
Event: 5648.392 Thread 0x000001e2ab0a1870 nmethod 14292 0x000001e297efda90 code [0x000001e297efdc20, 0x000001e297efdcd8]
Event: 5648.400 Thread 0x000001e2ab0a1870 14297       3       java.util.ImmutableCollections::listFromArray (39 bytes)
Event: 5648.402 Thread 0x000001e2ab0a1870 nmethod 14297 0x000001e28fbc2310 code [0x000001e28fbc2520, 0x000001e28fbc2d28]
Event: 5648.414 Thread 0x000001e2ab0a1870 14298       3       org.apache.catalina.core.ContainerBase::getLogger (28 bytes)
Event: 5648.415 Thread 0x000001e2ab0a1870 nmethod 14298 0x000001e290091a90 code [0x000001e290091c60, 0x000001e290091ff8]
Event: 5648.417 Thread 0x000001e2ab0a1870 14299       3       org.apache.catalina.core.DefaultInstanceManager::preDestroy (105 bytes)
Event: 5648.427 Thread 0x000001e2ab0a1870 nmethod 14299 0x000001e28ff99e90 code [0x000001e28ff9a160, 0x000001e28ff9b098]
Event: 5648.448 Thread 0x000001e2ab0a1870 14300       1       org.apache.catalina.valves.ValveBase::setContainer (6 bytes)
Event: 5648.449 Thread 0x000001e2ab0a1870 nmethod 14300 0x000001e297efdd90 code [0x000001e297efdf20, 0x000001e297efe038]
Event: 5648.449 Thread 0x000001e2ab0a1870 14301  s!   3       org.apache.catalina.util.LifecycleBase::destroy (274 bytes)

GC Heap History (20 events):
Event: 4749.830 GC heap before
{Heap before GC invocations=69 (full 8):
 garbage-first heap   total 137216K, used 109186K [0x0000000705a00000, 0x0000000800000000)
  region size 2048K, 35 young (71680K), 0 survivors (0K)
 Metaspace       used 86388K, committed 87104K, reserved 1179648K
  class space    used 10974K, committed 11328K, reserved 1048576K
}
Event: 4749.833 GC heap after
{Heap after GC invocations=70 (full 8):
 garbage-first heap   total 137216K, used 42815K [0x0000000705a00000, 0x0000000800000000)
  region size 2048K, 3 young (6144K), 3 survivors (6144K)
 Metaspace       used 86388K, committed 87104K, reserved 1179648K
  class space    used 10974K, committed 11328K, reserved 1048576K
}
Event: 4750.056 GC heap before
{Heap before GC invocations=71 (full 8):
 garbage-first heap   total 137216K, used 108351K [0x0000000705a00000, 0x0000000800000000)
  region size 2048K, 35 young (71680K), 3 survivors (6144K)
 Metaspace       used 86772K, committed 87424K, reserved 1179648K
  class space    used 11003K, committed 11328K, reserved 1048576K
}
Event: 4750.059 GC heap after
{Heap after GC invocations=72 (full 8):
 garbage-first heap   total 137216K, used 44364K [0x0000000705a00000, 0x0000000800000000)
  region size 2048K, 4 young (8192K), 4 survivors (8192K)
 Metaspace       used 86772K, committed 87424K, reserved 1179648K
  class space    used 11003K, committed 11328K, reserved 1048576K
}
Event: 4898.237 GC heap before
{Heap before GC invocations=72 (full 8):
 garbage-first heap   total 137216K, used 97612K [0x0000000705a00000, 0x0000000800000000)
  region size 2048K, 31 young (63488K), 4 survivors (8192K)
 Metaspace       used 86821K, committed 87424K, reserved 1179648K
  class space    used 11003K, committed 11328K, reserved 1048576K
}
Event: 4898.349 GC heap after
{Heap after GC invocations=73 (full 9):
 garbage-first heap   total 137216K, used 38039K [0x0000000705a00000, 0x0000000800000000)
  region size 2048K, 0 young (0K), 0 survivors (0K)
 Metaspace       used 86814K, committed 87424K, reserved 1179648K
  class space    used 11002K, committed 11328K, reserved 1048576K
}
Event: 4899.066 GC heap before
{Heap before GC invocations=73 (full 9):
 garbage-first heap   total 137216K, used 109719K [0x0000000705a00000, 0x0000000800000000)
  region size 2048K, 35 young (71680K), 0 survivors (0K)
 Metaspace       used 87247K, committed 87936K, reserved 1179648K
  class space    used 11048K, committed 11392K, reserved 1048576K
}
Event: 4899.072 GC heap after
{Heap after GC invocations=74 (full 9):
 garbage-first heap   total 137216K, used 43461K [0x0000000705a00000, 0x0000000800000000)
  region size 2048K, 3 young (6144K), 3 survivors (6144K)
 Metaspace       used 87247K, committed 87936K, reserved 1179648K
  class space    used 11048K, committed 11392K, reserved 1048576K
}
Event: 4899.290 GC heap before
{Heap before GC invocations=75 (full 9):
 garbage-first heap   total 137216K, used 108997K [0x0000000705a00000, 0x0000000800000000)
  region size 2048K, 35 young (71680K), 3 survivors (6144K)
 Metaspace       used 87600K, committed 88320K, reserved 1179648K
  class space    used 11076K, committed 11392K, reserved 1048576K
}
Event: 4899.293 GC heap after
{Heap after GC invocations=76 (full 9):
 garbage-first heap   total 137216K, used 45202K [0x0000000705a00000, 0x0000000800000000)
  region size 2048K, 4 young (8192K), 4 survivors (8192K)
 Metaspace       used 87600K, committed 88320K, reserved 1179648K
  class space    used 11076K, committed 11392K, reserved 1048576K
}
Event: 5149.316 GC heap before
{Heap before GC invocations=76 (full 9):
 garbage-first heap   total 137216K, used 110738K [0x0000000705a00000, 0x0000000800000000)
  region size 2048K, 36 young (73728K), 4 survivors (8192K)
 Metaspace       used 87613K, committed 88320K, reserved 1179648K
  class space    used 11076K, committed 11392K, reserved 1048576K
}
Event: 5149.333 GC heap after
{Heap after GC invocations=77 (full 9):
 garbage-first heap   total 165888K, used 43808K [0x0000000705a00000, 0x0000000800000000)
  region size 2048K, 2 young (4096K), 2 survivors (4096K)
 Metaspace       used 87613K, committed 88320K, reserved 1179648K
  class space    used 11076K, committed 11392K, reserved 1048576K
}
Event: 5325.703 GC heap before
{Heap before GC invocations=78 (full 9):
 garbage-first heap   total 165888K, used 72480K [0x0000000705a00000, 0x0000000800000000)
  region size 2048K, 17 young (34816K), 2 survivors (4096K)
 Metaspace       used 87626K, committed 88320K, reserved 1179648K
  class space    used 11076K, committed 11392K, reserved 1048576K
}
Event: 5326.027 GC heap after
{Heap after GC invocations=79 (full 10):
 garbage-first heap   total 143360K, used 38498K [0x0000000705a00000, 0x0000000800000000)
  region size 2048K, 0 young (0K), 0 survivors (0K)
 Metaspace       used 87622K, committed 88320K, reserved 1179648K
  class space    used 11076K, committed 11392K, reserved 1048576K
}
Event: 5327.394 GC heap before
{Heap before GC invocations=79 (full 10):
 garbage-first heap   total 143360K, used 114274K [0x0000000705a00000, 0x0000000800000000)
  region size 2048K, 37 young (75776K), 0 survivors (0K)
 Metaspace       used 88084K, committed 88768K, reserved 1179648K
  class space    used 11124K, committed 11456K, reserved 1048576K
}
Event: 5327.400 GC heap after
{Heap after GC invocations=80 (full 10):
 garbage-first heap   total 143360K, used 43726K [0x0000000705a00000, 0x0000000800000000)
  region size 2048K, 3 young (6144K), 3 survivors (6144K)
 Metaspace       used 88084K, committed 88768K, reserved 1179648K
  class space    used 11124K, committed 11456K, reserved 1048576K
}
Event: 5327.827 GC heap before
{Heap before GC invocations=81 (full 10):
 garbage-first heap   total 143360K, used 113358K [0x0000000705a00000, 0x0000000800000000)
  region size 2048K, 37 young (75776K), 3 survivors (6144K)
 Metaspace       used 88418K, committed 89152K, reserved 1179648K
  class space    used 11153K, committed 11520K, reserved 1048576K
}
Event: 5327.831 GC heap after
{Heap after GC invocations=82 (full 10):
 garbage-first heap   total 143360K, used 45532K [0x0000000705a00000, 0x0000000800000000)
  region size 2048K, 4 young (8192K), 4 survivors (8192K)
 Metaspace       used 88418K, committed 89152K, reserved 1179648K
  class space    used 11153K, committed 11520K, reserved 1048576K
}
Event: 5648.324 GC heap before
{Heap before GC invocations=82 (full 10):
 garbage-first heap   total 143360K, used 113116K [0x0000000705a00000, 0x0000000800000000)
  region size 2048K, 37 young (75776K), 4 survivors (8192K)
 Metaspace       used 88423K, committed 89152K, reserved 1179648K
  class space    used 11153K, committed 11520K, reserved 1048576K
}
Event: 5648.375 GC heap after
{Heap after GC invocations=83 (full 10):
 garbage-first heap   total 143360K, used 44360K [0x0000000705a00000, 0x0000000800000000)
  region size 2048K, 2 young (4096K), 2 survivors (4096K)
 Metaspace       used 88423K, committed 89152K, reserved 1179648K
  class space    used 11153K, committed 11520K, reserved 1048576K
}

Deoptimization events (20 events):
Event: 4899.143 Thread 0x000001e2f1122be0 DEOPT PACKING pc=0x000001e297ea6cf4 sp=0x000000011ebfde50
Event: 4899.143 Thread 0x000001e2f1122be0 DEOPT UNPACKING pc=0x000001e296ef5ba3 sp=0x000000011ebfddb0 mode 2
Event: 4899.143 Thread 0x000001e2f111f430 Uncommon trap: trap_request=0xffffffbe fr.pc=0x000001e297ea6cf4 relative=0x00000000000002d4
Event: 4899.143 Thread 0x000001e2f111f430 Uncommon trap: reason=profile_predicate action=maybe_recompile pc=0x000001e297ea6cf4 method=sun.security.provider.HashDrbg.addBytes([BI[[B)V @ 36 c2
Event: 4899.143 Thread 0x000001e2f111f430 DEOPT PACKING pc=0x000001e297ea6cf4 sp=0x000000011ecfdd20
Event: 4899.143 Thread 0x000001e2f111f430 DEOPT UNPACKING pc=0x000001e296ef5ba3 sp=0x000000011ecfdc80 mode 2
Event: 4899.161 Thread 0x000001e2f1121cb0 Uncommon trap: trap_request=0xffffffbe fr.pc=0x000001e297ea6cf4 relative=0x00000000000002d4
Event: 4899.161 Thread 0x000001e2f1121cb0 Uncommon trap: reason=profile_predicate action=maybe_recompile pc=0x000001e297ea6cf4 method=sun.security.provider.HashDrbg.addBytes([BI[[B)V @ 36 c2
Event: 4899.161 Thread 0x000001e2f1121cb0 DEOPT PACKING pc=0x000001e297ea6cf4 sp=0x000000011daf7960
Event: 4899.161 Thread 0x000001e2f1121cb0 DEOPT UNPACKING pc=0x000001e296ef5ba3 sp=0x000000011daf78c0 mode 2
Event: 4981.288 Thread 0x000001e2f4c12e20 Uncommon trap: trap_request=0xffffff45 fr.pc=0x000001e297d76830 relative=0x00000000000006f0
Event: 4981.290 Thread 0x000001e2f4c12e20 Uncommon trap: reason=unstable_if action=reinterpret pc=0x000001e297d76830 method=java.util.concurrent.ConcurrentLinkedDeque.unlinkLast(Ljava/util/concurrent/ConcurrentLinkedDeque$Node;Ljava/util/concurrent/ConcurrentLinkedDeque$Node;)V @ 121 c2
Event: 4981.290 Thread 0x000001e2f4c12e20 DEOPT PACKING pc=0x000001e297d76830 sp=0x000000011f4fe9c0
Event: 4981.290 Thread 0x000001e2f4c12e20 DEOPT UNPACKING pc=0x000001e296ef5ba3 sp=0x000000011f4fe978 mode 2
Event: 5327.518 Thread 0x000001e2f4c156a0 DEOPT PACKING pc=0x000001e28fbc67f3 sp=0x000000011d6fa8b0
Event: 5327.518 Thread 0x000001e2f4c156a0 DEOPT UNPACKING pc=0x000001e296ef66e3 sp=0x000000011d6f9db0 mode 0
Event: 5327.538 Thread 0x000001e2f4c156a0 Uncommon trap: trap_request=0xfffffff4 fr.pc=0x000001e2975179f0 relative=0x0000000000006830
Event: 5327.538 Thread 0x000001e2f4c156a0 Uncommon trap: reason=null_check action=make_not_entrant pc=0x000001e2975179f0 method=java.util.jar.JarFile.getManifestFromReference()Ljava/util/jar/Manifest; @ 14 c2
Event: 5327.538 Thread 0x000001e2f4c156a0 DEOPT PACKING pc=0x000001e2975179f0 sp=0x000000011d6f5a50
Event: 5327.539 Thread 0x000001e2f4c156a0 DEOPT UNPACKING pc=0x000001e296ef5ba3 sp=0x000000011d6f5920 mode 2

Classes unloaded (20 events):
Event: 4665.630 Thread 0x000001e2ab068230 Unloading class 0x000001e2ad018800 'java/lang/invoke/LambdaForm$MH+0x000001e2ad018800'
Event: 4665.630 Thread 0x000001e2ab068230 Unloading class 0x000001e2ad018000 'java/lang/invoke/LambdaForm$MH+0x000001e2ad018000'
Event: 4665.630 Thread 0x000001e2ab068230 Unloading class 0x000001e2ad016c00 'java/lang/invoke/LambdaForm$MH+0x000001e2ad016c00'
Event: 4665.630 Thread 0x000001e2ab068230 Unloading class 0x000001e2ad016400 'java/lang/invoke/LambdaForm$MH+0x000001e2ad016400'
Event: 4665.630 Thread 0x000001e2ab068230 Unloading class 0x000001e2ad016000 'java/lang/invoke/LambdaForm$MH+0x000001e2ad016000'
Event: 4665.630 Thread 0x000001e2ab068230 Unloading class 0x000001e2ad015c00 'java/lang/invoke/LambdaForm$MH+0x000001e2ad015c00'
Event: 4665.630 Thread 0x000001e2ab068230 Unloading class 0x000001e2ad015800 'java/lang/invoke/LambdaForm$MH+0x000001e2ad015800'
Event: 4665.630 Thread 0x000001e2ab068230 Unloading class 0x000001e2ad015400 'java/lang/invoke/LambdaForm$MH+0x000001e2ad015400'
Event: 4665.630 Thread 0x000001e2ab068230 Unloading class 0x000001e2ad014c00 'java/lang/invoke/LambdaForm$MH+0x000001e2ad014c00'
Event: 4665.630 Thread 0x000001e2ab068230 Unloading class 0x000001e2ad014400 'java/lang/invoke/LambdaForm$MH+0x000001e2ad014400'
Event: 4714.476 Thread 0x000001e2ab068230 Unloading class 0x000001e2ad580c00 'jdk/internal/reflect/GeneratedSerializationConstructorAccessor7'
Event: 4714.476 Thread 0x000001e2ab068230 Unloading class 0x000001e2adaff800 'org/apache/catalina/loader/JdbcLeakPrevention'
Event: 4741.749 Thread 0x000001e2ab068230 Unloading class 0x000001e2adb0c000 'jdk/internal/reflect/GeneratedSerializationConstructorAccessor8'
Event: 4741.749 Thread 0x000001e2ab068230 Unloading class 0x000001e2ad41d000 'org/apache/catalina/loader/JdbcLeakPrevention'
Event: 4749.254 Thread 0x000001e2ab068230 Unloading class 0x000001e2adb21000 'jdk/internal/reflect/GeneratedSerializationConstructorAccessor9'
Event: 4749.254 Thread 0x000001e2ab068230 Unloading class 0x000001e2adb0c800 'org/apache/catalina/loader/JdbcLeakPrevention'
Event: 4898.262 Thread 0x000001e2ab068230 Unloading class 0x000001e2adb38000 'jdk/internal/reflect/GeneratedSerializationConstructorAccessor10'
Event: 4898.262 Thread 0x000001e2ab068230 Unloading class 0x000001e2adb28000 'org/apache/catalina/loader/JdbcLeakPrevention'
Event: 5149.353 Thread 0x000001e2ab068230 Unloading class 0x000001e2adb38800 'org/apache/catalina/loader/JdbcLeakPrevention'
Event: 5325.764 Thread 0x000001e2ab068230 Unloading class 0x000001e2adb4c000 'jdk/internal/reflect/GeneratedSerializationConstructorAccessor11'

Classes redefined (0 events):
No events

Internal exceptions (20 events):
Event: 5327.115 Thread 0x000001e2f4c12e20 Exception <a 'sun/nio/fs/WindowsException'{0x000000070b16a398}> (0x000000070b16a398) 
thrown [s\open\src\hotspot\share\prims\jni.cpp, line 516]
Event: 5327.115 Thread 0x000001e2f4c12e20 Exception <a 'sun/nio/fs/WindowsException'{0x000000070b178600}> (0x000000070b178600) 
thrown [s\open\src\hotspot\share\prims\jni.cpp, line 516]
Event: 5327.115 Thread 0x000001e2f4c12e20 Exception <a 'sun/nio/fs/WindowsException'{0x000000070b178730}> (0x000000070b178730) 
thrown [s\open\src\hotspot\share\prims\jni.cpp, line 516]
Event: 5327.115 Thread 0x000001e2f4c12e20 Exception <a 'sun/nio/fs/WindowsException'{0x000000070b1c9ed8}> (0x000000070b1c9ed8) 
thrown [s\open\src\hotspot\share\prims\jni.cpp, line 516]
Event: 5327.115 Thread 0x000001e2f4c12e20 Exception <a 'sun/nio/fs/WindowsException'{0x000000070b1ca008}> (0x000000070b1ca008) 
thrown [s\open\src\hotspot\share\prims\jni.cpp, line 516]
Event: 5327.130 Thread 0x000001e2f4c156a0 Exception <a 'sun/nio/fs/WindowsException'{0x000000070aec6e20}> (0x000000070aec6e20) 
thrown [s\open\src\hotspot\share\prims\jni.cpp, line 516]
Event: 5327.330 Thread 0x000001e2f4c156a0 Exception <a 'java/io/FileNotFoundException'{0x0000000709e056a0}> (0x0000000709e056a0) 
thrown [s\open\src\hotspot\share\prims\jni.cpp, line 516]
Event: 5327.483 Thread 0x000001e2f4c156a0 Exception <a 'sun/nio/fs/WindowsException'{0x000000070cfe7720}> (0x000000070cfe7720) 
thrown [s\open\src\hotspot\share\prims\jni.cpp, line 516]
Event: 5327.484 Thread 0x000001e2f4c156a0 Exception <a 'sun/nio/fs/WindowsException'{0x000000070cfe8798}> (0x000000070cfe8798) 
thrown [s\open\src\hotspot\share\prims\jni.cpp, line 516]
Event: 5327.537 Thread 0x000001e2f4c156a0 Implicit null exception at 0x000001e29751169c to 0x000001e2975179d8
Event: 5327.725 Thread 0x000001e2f4c156a0 Exception <a 'sun/nio/fs/WindowsException'{0x000000070b16c9e8}> (0x000000070b16c9e8) 
thrown [s\open\src\hotspot\share\prims\jni.cpp, line 516]
Event: 5648.314 Thread 0x000001e2f4c19360 Exception <a 'java/lang/InterruptedException'{0x000000070a4fce60}: sleep interrupted> (0x000000070a4fce60) 
thrown [s\open\src\hotspot\share\prims\jvm.cpp, line 3064]
Event: 5648.384 Thread 0x000001e2f4c18e50 Exception <a 'java/lang/InterruptedException'{0x000000070e553ec0}: sleep interrupted> (0x000000070e553ec0) 
thrown [s\open\src\hotspot\share\prims\jvm.cpp, line 3064]
Event: 5648.388 Thread 0x000001e2f4c13330 Exception <a 'java/lang/InterruptedException'{0x000000070e58f218}: sleep interrupted> (0x000000070e58f218) 
thrown [s\open\src\hotspot\share\prims\jvm.cpp, line 3064]
Event: 5648.399 Thread 0x000001e2f4c16ff0 Exception <a 'java/lang/InterruptedException'{0x000000070e5a19f0}: sleep interrupted> (0x000000070e5a19f0) 
thrown [s\open\src\hotspot\share\prims\jvm.cpp, line 3064]
Event: 5648.400 Thread 0x000001e2f4c14260 Exception <a 'java/lang/InterruptedException'{0x000000070e5b5b78}: sleep interrupted> (0x000000070e5b5b78) 
thrown [s\open\src\hotspot\share\prims\jvm.cpp, line 3064]
Event: 5648.400 Thread 0x000001e2f4c13d50 Exception <a 'java/io/IOException'{0x000000070e5d9ef0}> (0x000000070e5d9ef0) 
thrown [s\open\src\hotspot\share\prims\jni.cpp, line 516]
Event: 5648.400 Thread 0x000001e2f4c12910 Exception <a 'java/io/IOException'{0x000000070e5a9c60}> (0x000000070e5a9c60) 
thrown [s\open\src\hotspot\share\prims\jni.cpp, line 516]
Event: 5648.401 Thread 0x000001e2f4c13840 Exception <a 'java/io/IOException'{0x000000070e5e5a08}> (0x000000070e5e5a08) 
thrown [s\open\src\hotspot\share\prims\jni.cpp, line 516]
Event: 5648.448 Thread 0x000001e2f4c19d80 Exception <a 'java/lang/InterruptedException'{0x000000070e200840}: sleep interrupted> (0x000000070e200840) 
thrown [s\open\src\hotspot\share\prims\jvm.cpp, line 3064]

VM Operations (20 events):
Event: 5327.032 Executing VM operation: Cleanup done
Event: 5327.394 Executing VM operation: G1CollectForAllocation
Event: 5327.400 Executing VM operation: G1CollectForAllocation done
Event: 5327.428 Executing VM operation: G1Concurrent
Event: 5327.433 Executing VM operation: G1Concurrent done
Event: 5327.443 Executing VM operation: G1Concurrent
Event: 5327.443 Executing VM operation: G1Concurrent done
Event: 5327.827 Executing VM operation: G1CollectForAllocation
Event: 5327.831 Executing VM operation: G1CollectForAllocation done
Event: 5328.835 Executing VM operation: Cleanup
Event: 5328.835 Executing VM operation: Cleanup done
Event: 5337.884 Executing VM operation: Cleanup
Event: 5337.884 Executing VM operation: Cleanup done
Event: 5351.633 Executing VM operation: HandshakeAllThreads
Event: 5351.633 Executing VM operation: HandshakeAllThreads done
Event: 5559.551 Executing VM operation: Cleanup
Event: 5559.551 Executing VM operation: Cleanup done
Event: 5648.323 Executing VM operation: G1CollectForAllocation
Event: 5648.375 Executing VM operation: G1CollectForAllocation done
Event: 5648.449 Executing VM operation: G1CollectFull

Events (20 events):
Event: 5648.377 Thread 0x000001e2f1b9bc00 Thread exited: 0x000001e2f1b9bc00
Event: 5648.377 Thread 0x000001e2f1125460 Thread exited: 0x000001e2f1125460
Event: 5648.377 Thread 0x000001e2f1b9acd0 Thread exited: 0x000001e2f1b9acd0
Event: 5648.377 Thread 0x000001e2f11226d0 Thread exited: 0x000001e2f11226d0
Event: 5648.378 Thread 0x000001e2f1122be0 Thread exited: 0x000001e2f1122be0
Event: 5648.378 Thread 0x000001e2f1b9c110 Thread exited: 0x000001e2f1b9c110
Event: 5648.378 Thread 0x000001e2f1126390 Thread exited: 0x000001e2f1126390
Event: 5648.384 Thread 0x000001e2f4c18e50 Thread exited: 0x000001e2f4c18e50
Event: 5648.389 Thread 0x000001e2f4c13330 Thread exited: 0x000001e2f4c13330
Event: 5648.390 Thread 0x000001e2f4c16ae0 Thread exited: 0x000001e2f4c16ae0
Event: 5648.399 Thread 0x000001e2f4c14770 Thread exited: 0x000001e2f4c14770
Event: 5648.399 Thread 0x000001e2f4c16ff0 Thread exited: 0x000001e2f4c16ff0
Event: 5648.400 Thread 0x000001e2f4c14260 Thread exited: 0x000001e2f4c14260
Event: 5648.400 Thread 0x000001e2f4c18430 Thread exited: 0x000001e2f4c18430
Event: 5648.402 Thread 0x000001e2f4c13d50 Thread exited: 0x000001e2f4c13d50
Event: 5648.402 Thread 0x000001e2f4c13840 Thread exited: 0x000001e2f4c13840
Event: 5648.402 Thread 0x000001e2f4c12910 Thread exited: 0x000001e2f4c12910
Event: 5648.448 Thread 0x000001e2f4c14c80 Thread exited: 0x000001e2f4c14c80
Event: 5648.448 Thread 0x000001e2f4c19d80 Thread exited: 0x000001e2f4c19d80
Event: 5648.448 Thread 0x000001e2f4c18940 Thread exited: 0x000001e2f4c18940


Dynamic libraries:
0x00007ff664780000 - 0x00007ff664790000 	C:\Program Files\Java\jdk-17\bin\java.exe
0x00007ff919100000 - 0x00007ff919367000 	C:\WINDOWS\SYSTEM32\ntdll.dll
0x00007ff918320000 - 0x00007ff9183e9000 	C:\WINDOWS\System32\KERNEL32.DLL
0x00007ff9162e0000 - 0x00007ff9166cf000 	C:\WINDOWS\System32\KERNELBASE.dll
0x00007ff9169b0000 - 0x00007ff916afb000 	C:\WINDOWS\System32\ucrtbase.dll
0x00007ff8c08f0000 - 0x00007ff8c090b000 	C:\Program Files\Java\jdk-17\bin\VCRUNTIME140.dll
0x00007ff8c0910000 - 0x00007ff8c0929000 	C:\Program Files\Java\jdk-17\bin\jli.dll
0x00007ff919000000 - 0x00007ff9190b4000 	C:\WINDOWS\System32\ADVAPI32.dll
0x00007ff916ed0000 - 0x00007ff916f79000 	C:\WINDOWS\System32\msvcrt.dll
0x00007ff918f40000 - 0x00007ff918fe6000 	C:\WINDOWS\System32\sechost.dll
0x00007ff918dc0000 - 0x00007ff918ed8000 	C:\WINDOWS\System32\RPCRT4.dll
0x00007ff917d10000 - 0x00007ff917ed5000 	C:\WINDOWS\System32\USER32.dll
0x00007ff8f15a0000 - 0x00007ff8f1833000 	C:\WINDOWS\WinSxS\amd64_microsoft.windows.common-controls_6595b64144ccf1df_6.0.26100.7309_none_3e05feeae336a044\COMCTL32.dll
0x00007ff916980000 - 0x00007ff9169a7000 	C:\WINDOWS\System32\win32u.dll
0x00007ff918a00000 - 0x00007ff918a2b000 	C:\WINDOWS\System32\GDI32.dll
0x00007ff9166e0000 - 0x00007ff91680c000 	C:\WINDOWS\System32\gdi32full.dll
0x00007ff916d40000 - 0x00007ff916de3000 	C:\WINDOWS\System32\msvcp_win.dll
0x00007ff90b210000 - 0x00007ff90b21b000 	C:\WINDOWS\SYSTEM32\VERSION.dll
0x00007ff917ee0000 - 0x00007ff917f11000 	C:\WINDOWS\System32\IMM32.DLL
0x00007ff8d2720000 - 0x00007ff8d272c000 	C:\Program Files\Java\jdk-17\bin\vcruntime140_1.dll
0x00007ff8bcb60000 - 0x00007ff8bcbee000 	C:\Program Files\Java\jdk-17\bin\msvcp140.dll
0x00007ff888aa0000 - 0x00007ff889680000 	C:\Program Files\Java\jdk-17\bin\server\jvm.dll
0x00007ff918ff0000 - 0x00007ff918ff8000 	C:\WINDOWS\System32\PSAPI.DLL
0x00007ff8c08e0000 - 0x00007ff8c08ea000 	C:\WINDOWS\SYSTEM32\WSOCK32.dll
0x00007ff9184b0000 - 0x00007ff918524000 	C:\WINDOWS\System32\WS2_32.dll
0x00007ff90d4e0000 - 0x00007ff90d515000 	C:\WINDOWS\SYSTEM32\WINMM.dll
0x00007ff915000000 - 0x00007ff91501b000 	C:\WINDOWS\SYSTEM32\kernel.appcore.dll
0x00007ff8c08d0000 - 0x00007ff8c08da000 	C:\Program Files\Java\jdk-17\bin\jimage.dll
0x00007ff913930000 - 0x00007ff913b72000 	C:\WINDOWS\SYSTEM32\DBGHELP.DLL
0x00007ff918a30000 - 0x00007ff918db6000 	C:\WINDOWS\System32\combase.dll
0x00007ff918580000 - 0x00007ff918656000 	C:\WINDOWS\System32\OLEAUT32.dll
0x00007ff8f00e0000 - 0x00007ff8f011c000 	C:\WINDOWS\SYSTEM32\dbgcore.DLL
0x00007ff916df0000 - 0x00007ff916e95000 	C:\WINDOWS\System32\bcryptPrimitives.dll
0x00007ff90e4a0000 - 0x00007ff90e4ae000 	C:\Program Files\Java\jdk-17\bin\instrument.dll
0x00007ff8bd260000 - 0x00007ff8bd285000 	C:\Program Files\Java\jdk-17\bin\java.dll
0x00007ff8bca80000 - 0x00007ff8bcb57000 	C:\Program Files\Java\jdk-17\bin\jsvml.dll
0x00007ff9170a0000 - 0x00007ff9177f3000 	C:\WINDOWS\System32\SHELL32.dll
0x00007ff916810000 - 0x00007ff91697a000 	C:\WINDOWS\System32\wintypes.dll
0x00007ff913e40000 - 0x00007ff91469e000 	C:\WINDOWS\SYSTEM32\windows.storage.dll
0x00007ff918040000 - 0x00007ff918135000 	C:\WINDOWS\System32\SHCORE.dll
0x00007ff917800000 - 0x00007ff917866000 	C:\WINDOWS\System32\shlwapi.dll
0x00007ff916170000 - 0x00007ff916199000 	C:\WINDOWS\SYSTEM32\profapi.dll
0x00007ff8c0170000 - 0x00007ff8c0188000 	C:\Program Files\Java\jdk-17\bin\zip.dll
0x00007ff8bd240000 - 0x00007ff8bd259000 	C:\Program Files\Java\jdk-17\bin\net.dll
0x00007ff90bab0000 - 0x00007ff90bbd8000 	C:\WINDOWS\SYSTEM32\WINHTTP.dll
0x00007ff915570000 - 0x00007ff9155db000 	C:\WINDOWS\system32\mswsock.dll
0x00007ff8bd220000 - 0x00007ff8bd236000 	C:\Program Files\Java\jdk-17\bin\nio.dll
0x00007ff9042a0000 - 0x00007ff9042aa000 	C:\Program Files\Java\jdk-17\bin\management.dll
0x00007ff904290000 - 0x00007ff90429b000 	C:\Program Files\Java\jdk-17\bin\management_ext.dll
0x00007ff9042b0000 - 0x00007ff9042be000 	C:\Program Files\Java\jdk-17\bin\sunmscapi.dll
0x00007ff916b00000 - 0x00007ff916c77000 	C:\WINDOWS\System32\CRYPT32.dll
0x00007ff915a50000 - 0x00007ff915a80000 	C:\WINDOWS\SYSTEM32\ncrypt.dll
0x00007ff915a00000 - 0x00007ff915a3f000 	C:\WINDOWS\SYSTEM32\NTASN1.dll
0x00007ff8bd210000 - 0x00007ff8bd220000 	C:\Program Files\Java\jdk-17\bin\verify.dll
0x00007ff915830000 - 0x00007ff91584b000 	C:\WINDOWS\SYSTEM32\CRYPTSP.dll
0x00007ff914f40000 - 0x00007ff914f7a000 	C:\WINDOWS\system32\rsaenh.dll
0x00007ff915620000 - 0x00007ff91564b000 	C:\WINDOWS\SYSTEM32\USERENV.dll
0x00007ff916140000 - 0x00007ff91616a000 	C:\WINDOWS\SYSTEM32\bcrypt.dll
0x00007ff915850000 - 0x00007ff91585c000 	C:\WINDOWS\SYSTEM32\CRYPTBASE.dll
0x00007ff9149c0000 - 0x00007ff9149f4000 	C:\WINDOWS\SYSTEM32\IPHLPAPI.DLL
0x00007ff916f80000 - 0x00007ff916f8a000 	C:\WINDOWS\System32\NSI.dll
0x00007ff90d4b0000 - 0x00007ff90d4ce000 	C:\WINDOWS\SYSTEM32\dhcpcsvc6.DLL
0x00007ff90b9c0000 - 0x00007ff90b9e3000 	C:\WINDOWS\SYSTEM32\dhcpcsvc.DLL
0x00007ff914ab0000 - 0x00007ff914bdc000 	C:\WINDOWS\SYSTEM32\DNSAPI.dll
0x00007ff8f7a90000 - 0x00007ff8f7a9b000 	C:\Windows\System32\rasadhlp.dll
0x00007ff904750000 - 0x00007ff9047d6000 	C:\WINDOWS\System32\fwpuclnt.dll
0x00007ff86c230000 - 0x00007ff86c238000 	C:\WINDOWS\system32\wshunix.dll

dbghelp: loaded successfully - version: 4.0.5 - missing functions: none
symbol engine: initialized successfully - sym options: 0x614 - pdb path: .;C:\Program Files\Java\jdk-17\bin;C:\WINDOWS\SYSTEM32;C:\WINDOWS\WinSxS\amd64_microsoft.windows.common-controls_6595b64144ccf1df_6.0.26100.7309_none_3e05feeae336a044;C:\Program Files\Java\jdk-17\bin\server

VM Arguments:
jvm_args: -javaagent:C:\Program Files\JetBrains\IntelliJ IDEA Community Edition 2025.2.5\lib\idea_rt.jar=51190 -Dfile.encoding=UTF-8 
java_command: com.fanzzi.backend.BackendApplication
java_class_path (initial): D:\GitHub\Linkora\backend\target\classes;C:\Users\ashis\.m2\repository\org\springframework\boot\spring-boot-starter-security\3.5.9\spring-boot-starter-security-3.5.9.jar;C:\Users\ashis\.m2\repository\org\springframework\boot\spring-boot-starter\3.5.9\spring-boot-starter-3.5.9.jar;C:\Users\ashis\.m2\repository\org\springframework\boot\spring-boot-starter-logging\3.5.9\spring-boot-starter-logging-3.5.9.jar;C:\Users\ashis\.m2\repository\ch\qos\logback\logback-classic\1.5.22\logback-classic-1.5.22.jar;C:\Users\ashis\.m2\repository\ch\qos\logback\logback-core\1.5.22\logback-core-1.5.22.jar;C:\Users\ashis\.m2\repository\org\apache\logging\log4j\log4j-to-slf4j\2.24.3\log4j-to-slf4j-2.24.3.jar;C:\Users\ashis\.m2\repository\org\apache\logging\log4j\log4j-api\2.24.3\log4j-api-2.24.3.jar;C:\Users\ashis\.m2\repository\org\slf4j\jul-to-slf4j\2.0.17\jul-to-slf4j-2.0.17.jar;C:\Users\ashis\.m2\repository\jakarta\annotation\jakarta.annotation-api\2.1.1\jakarta.annotation-api-2.1.1.jar;C:\Users\ashis\.m2\repository\org\yaml\snakeyaml\2.4\snakeyaml-2.4.jar;C:\Users\ashis\.m2\repository\org\springframework\spring-aop\6.2.15\spring-aop-6.2.15.jar;C:\Users\ashis\.m2\repository\org\springframework\spring-beans\6.2.15\spring-beans-6.2.15.jar;C:\Users\ashis\.m2\repository\org\springframework\security\spring-security-config\6.5.7\spring-security-config-6.5.7.jar;C:\Users\ashis\.m2\repository\org\springframework\security\spring-security-core\6.5.7\spring-security-core-6.5.7.jar;C:\Users\ashis\.m2\repository\org\springframework\security\spring-security-crypto\6.5.7\spring-security-crypto-6.5.7.jar;C:\Users\ashis\.m2\repository\org\springframework\spring-context\6.2.15\spring-context-6.2.15.jar;C:\Users\ashis\.m2\repository\org\springframework\security\spring-security-web\6.5.7\spring-security-web-6.5.7.jar;C:\Users\ashis\.m2\repository\org\springframework\spring-expression\6.2.15\spring-expression-6.2.15.jar;C:\Users\ashis\.m2\repository\software\amazon\awssdk\s3\2
Launcher Type: SUN_STANDARD

[Global flags]
     intx CICompilerCount                          = 4                                         {product} {ergonomic}
     uint ConcGCThreads                            = 3                                         {product} {ergonomic}
     uint G1ConcRefinementThreads                  = 10                                        {product} {ergonomic}
   size_t G1HeapRegionSize                         = 2097152                                   {product} {ergonomic}
    uintx GCDrainStackTargetSize                   = 64                                        {product} {ergonomic}
   size_t InitialHeapSize                          = 264241152                                 {product} {ergonomic}
   size_t MarkStackSize                            = 4194304                                   {product} {ergonomic}
   size_t MaxHeapSize                              = 4200595456                                {product} {ergonomic}
   size_t MaxNewSize                               = 2518679552                                {product} {ergonomic}
   size_t MinHeapDeltaBytes                        = 2097152                                   {product} {ergonomic}
   size_t MinHeapSize                              = 8388608                                   {product} {ergonomic}
    uintx NonNMethodCodeHeapSize                   = 5839372                                {pd product} {ergonomic}
    uintx NonProfiledCodeHeapSize                  = 122909434                              {pd product} {ergonomic}
    uintx ProfiledCodeHeapSize                     = 122909434                              {pd product} {ergonomic}
    uintx ReservedCodeCacheSize                    = 251658240                              {pd product} {ergonomic}
     bool SegmentedCodeCache                       = true                                      {product} {ergonomic}
   size_t SoftMaxHeapSize                          = 4200595456                             {manageable} {ergonomic}
     bool UseCompressedClassPointers               = true                           {product lp64_product} {ergonomic}
     bool UseCompressedOops                        = true                           {product lp64_product} {ergonomic}
     bool UseG1GC                                  = true                                      {product} {ergonomic}
     bool UseLargePagesIndividualAllocation        = false                                  {pd product} {ergonomic}

Logging:
Log output configuration:
 #0: stdout all=warning uptime,level,tags
 #1: stderr all=off uptime,level,tags

Environment Variables:
PATH=C:\Program Files\Common Files\Oracle\Java\javapath;C:\Python313\Scripts\;C:\Python313\;C:\windows\system32;C:\windows;C:\windows\System32\Wbem;C:\windows\System32\WindowsPowerShell\v1.0\;C:\windows\System32\OpenSSH\;C:\Program Files (x86)\NVIDIA Corporation\PhysX\Common;C:\Program Files\NVIDIA Corporation\NVIDIA NvDLISR;C:\WINDOWS\system32;C:\WINDOWS;C:\WINDOWS\System32\Wbem;C:\WINDOWS\System32\WindowsPowerShell\v1.0\;C:\WINDOWS\System32\OpenSSH\;C:\ProgramData\chocolatey\bin;C:\MinGW\bin;C:\Program Files\HP\HP One Agent;C:\Program Files\MySQL\MySQL Server 8.0\bin;C:\Program Files\Git\cmd;C:\Program Files\nodejs\;C:\Users\ashis\flutter\bin;C:\Program Files\Java\jdk-17\bin;C:\Users\ashis\Scripts;;C:\Program Files\Docker\Docker\resources\bin;c:\Users\ashis\AppData\Local\Programs\cursor\resources\app\codeBin;C:\Program Files\MySQL\MySQL Shell 8.0\bin\;C:\Users\ashis\AppData\Local\Microsoft\WindowsApps;C:\Program Files\JetBrains\IntelliJ IDEA 2025.1.4.1\bin;;C:\Program Files\mongosh\;C:\Users\ashis\AppData\Roaming\npm;C:\Users\ashis\AppData\Local\GitHubDesktop\bin;C:\Users\ashis\flutter\bin;C:\Program Files\Java\jdk-17\bin;C:\Users\ashis\AppData\Roaming\Python\Python313\Scripts;C:\Users\ashis\AppData\Local\Android\Sdk\platform-tools;C:\Users\ashis\AppData\Local\Android\Sdk\emulator;C:\Program Files\JetBrains\IntelliJ IDEA Community Edition 2025.2.5\bin;C:\Users\ashis\AppData\Local\Pub\Cache\bin;C:\Users\ashis\AppData\Local\Programs\Microsoft VS Code\bin
USERNAME=ashis
OS=Windows_NT
PROCESSOR_IDENTIFIER=Intel64 Family 6 Model 141 Stepping 1, GenuineIntel



---------------  S Y S T E M  ---------------

OS:
 Windows 11 , 64 bit Build 26100 (10.0.26100.7623)
OS uptime: 0 days 5:10 hours
Hyper-V role detected

CPU: total 12 (initial active 12) (6 cores per cpu, 2 threads per core) family 6 model 141 stepping 1 microcode 0x56, cx8, cmov, fxsr, ht, mmx, 3dnowpref, sse, sse2, sse3, ssse3, sse4.1, sse4.2, popcnt, lzcnt, tsc, tscinvbit, avx, avx2, aes, erms, clmul, bmi1, bmi2, adx, avx512f, avx512dq, avx512cd, avx512bw, avx512vl, sha, fma, vzeroupper, avx512_vpopcntdq, avx512_vpclmulqdq, avx512_vaes, avx512_vnni, clflush, clflushopt, clwb, avx512_vbmi2, avx512_vbmi, hv

Memory: 4k page, system-wide physical 16021M (805M free)
TotalPageFile size 45579M (AvailPageFile size 39M)
current process WorkingSet (physical memory assigned to process): 93M, peak: 422M
current process commit charge ("private bytes"): 457M, peak: 506M

vm_info: Java HotSpot(TM) 64-Bit Server VM (17.0.12+8-LTS-286) for windows-amd64 JRE (17.0.12+8-LTS-286), built on Jun  5 2024 06:46:59 by "mach5one" with MS VC++ 17.6 (VS2022)

END.
